inside 'open file' context manager